[    4090ms] [INFO] %cDownload the React DevTools for a better development experience: https://reactjs.org/link/react-devtools font-weight:bold @ http://localhost:3001/node_modules/.vite/deps/chunk-PJEEZAML.js?v=a54d33f8:21550
[    6088ms] [WARNING] ⚠️ React Router Future Flag Warning: React Router will begin wrapping state updates in `React.startTransition` in v7. You can use the `v7_startTransition` future flag to opt-in early. For more information, see https://reactrouter.com/v6/upgrading/future#v7_starttransition. @ http://localhost:3001/node_modules/.vite/deps/react-router-dom.js?v=a54d33f8:4426
[    6088ms] [WARNING] ⚠️ React Router Future Flag Warning: Relative route resolution within Splat routes is changing in v7. You can use the `v7_relativeSplatPath` future flag to opt-in early. For more information, see https://reactrouter.com/v6/upgrading/future#v7_relativesplatpath. @ http://localhost:3001/node_modules/.vite/deps/react-router-dom.js?v=a54d33f8:4426
[    7647ms] [VERBOSE] [DOM] Input elements should have autocomplete attributes (suggested: "current-password"): (More info: https://goo.gl/9p2vKq) %o @ http://localhost:3001/login:0
[    7654ms] [LOG] [PWA] Service Worker enregistre: http://localhost:3001/ @ http://localhost:3001/src/main.tsx:9
[  251600ms] [INFO] %cDownload the React DevTools for a better development experience: https://reactjs.org/link/react-devtools font-weight:bold @ http://localhost:3001/node_modules/.vite/deps/chunk-PJEEZAML.js?v=a54d33f8:21550
[  251716ms] [LOG] [PWA] Service Worker enregistre: http://localhost:3001/ @ http://localhost:3001/src/main.tsx:9
[  252624ms] [WARNING] ⚠️ React Router Future Flag Warning: React Router will begin wrapping state updates in `React.startTransition` in v7. You can use the `v7_startTransition` future flag to opt-in early. For more information, see https://reactrouter.com/v6/upgrading/future#v7_starttransition. @ http://localhost:3001/node_modules/.vite/deps/react-router-dom.js?v=a54d33f8:4426
[  252624ms] [WARNING] ⚠️ React Router Future Flag Warning: Relative route resolution within Splat routes is changing in v7. You can use the `v7_relativeSplatPath` future flag to opt-in early. For more information, see https://reactrouter.com/v6/upgrading/future#v7_relativesplatpath. @ http://localhost:3001/node_modules/.vite/deps/react-router-dom.js?v=a54d33f8:4426
[  255125ms] [INFO] %cDownload the React DevTools for a better development experience: https://reactjs.org/link/react-devtools font-weight:bold @ http://localhost:3001/node_modules/.vite/deps/chunk-PJEEZAML.js?v=a54d33f8:21550
[  255931ms] [WARNING] ⚠️ React Router Future Flag Warning: React Router will begin wrapping state updates in `React.startTransition` in v7. You can use the `v7_startTransition` future flag to opt-in early. For more information, see https://reactrouter.com/v6/upgrading/future#v7_starttransition. @ http://localhost:3001/node_modules/.vite/deps/react-router-dom.js?v=a54d33f8:4426
[  255931ms] [WARNING] ⚠️ React Router Future Flag Warning: Relative route resolution within Splat routes is changing in v7. You can use the `v7_relativeSplatPath` future flag to opt-in early. For more information, see https://reactrouter.com/v6/upgrading/future#v7_relativesplatpath. @ http://localhost:3001/node_modules/.vite/deps/react-router-dom.js?v=a54d33f8:4426
[  256698ms] [LOG] [PWA] Service Worker enregistre: http://localhost:3001/ @ http://localhost:3001/src/main.tsx:9
[  258248ms] [INFO] %cDownload the React DevTools for a better development experience: https://reactjs.org/link/react-devtools font-weight:bold @ http://localhost:3001/node_modules/.vite/deps/chunk-PJEEZAML.js?v=a54d33f8:21550
[  258656ms] [LOG] [PWA] Service Worker enregistre: http://localhost:3001/ @ http://localhost:3001/src/main.tsx:9
[  258752ms] [WARNING] ⚠️ React Router Future Flag Warning: React Router will begin wrapping state updates in `React.startTransition` in v7. You can use the `v7_startTransition` future flag to opt-in early. For more information, see https://reactrouter.com/v6/upgrading/future#v7_starttransition. @ http://localhost:3001/node_modules/.vite/deps/react-router-dom.js?v=a54d33f8:4426
[  258752ms] [WARNING] ⚠️ React Router Future Flag Warning: Relative route resolution within Splat routes is changing in v7. You can use the `v7_relativeSplatPath` future flag to opt-in early. For more information, see https://reactrouter.com/v6/upgrading/future#v7_relativesplatpath. @ http://localhost:3001/node_modules/.vite/deps/react-router-dom.js?v=a54d33f8:4426
[  261695ms] [INFO] %cDownload the React DevTools for a better development experience: https://reactjs.org/link/react-devtools font-weight:bold @ http://localhost:3001/node_modules/.vite/deps/chunk-PJEEZAML.js?v=a54d33f8:21550
[  262273ms] [WARNING] ⚠️ React Router Future Flag Warning: React Router will begin wrapping state updates in `React.startTransition` in v7. You can use the `v7_startTransition` future flag to opt-in early. For more information, see https://reactrouter.com/v6/upgrading/future#v7_starttransition. @ http://localhost:3001/node_modules/.vite/deps/react-router-dom.js?v=a54d33f8:4426
[  262273ms] [WARNING] ⚠️ React Router Future Flag Warning: Relative route resolution within Splat routes is changing in v7. You can use the `v7_relativeSplatPath` future flag to opt-in early. For more information, see https://reactrouter.com/v6/upgrading/future#v7_relativesplatpath. @ http://localhost:3001/node_modules/.vite/deps/react-router-dom.js?v=a54d33f8:4426
[  262436ms] [LOG] [PWA] Service Worker enregistre: http://localhost:3001/ @ http://localhost:3001/src/main.tsx:9
[  264936ms] [INFO] %cDownload the React DevTools for a better development experience: https://reactjs.org/link/react-devtools font-weight:bold @ http://localhost:3001/node_modules/.vite/deps/chunk-PJEEZAML.js?v=a54d33f8:21550
[  265588ms] [WARNING] ⚠️ React Router Future Flag Warning: React Router will begin wrapping state updates in `React.startTransition` in v7. You can use the `v7_startTransition` future flag to opt-in early. For more information, see https://reactrouter.com/v6/upgrading/future#v7_starttransition. @ http://localhost:3001/node_modules/.vite/deps/react-router-dom.js?v=a54d33f8:4426
[  265588ms] [WARNING] ⚠️ React Router Future Flag Warning: Relative route resolution within Splat routes is changing in v7. You can use the `v7_relativeSplatPath` future flag to opt-in early. For more information, see https://reactrouter.com/v6/upgrading/future#v7_relativesplatpath. @ http://localhost:3001/node_modules/.vite/deps/react-router-dom.js?v=a54d33f8:4426
[  265721ms] [LOG] [PWA] Service Worker enregistre: http://localhost:3001/ @ http://localhost:3001/src/main.tsx:9
[  268279ms] [INFO] %cDownload the React DevTools for a better development experience: https://reactjs.org/link/react-devtools font-weight:bold @ http://localhost:3001/node_modules/.vite/deps/chunk-PJEEZAML.js?v=a54d33f8:21550
[  268636ms] [LOG] [PWA] Service Worker enregistre: http://localhost:3001/ @ http://localhost:3001/src/main.tsx:9
[  268721ms] [WARNING] ⚠️ React Router Future Flag Warning: React Router will begin wrapping state updates in `React.startTransition` in v7. You can use the `v7_startTransition` future flag to opt-in early. For more information, see https://reactrouter.com/v6/upgrading/future#v7_starttransition. @ http://localhost:3001/node_modules/.vite/deps/react-router-dom.js?v=a54d33f8:4426
[  268721ms] [WARNING] ⚠️ React Router Future Flag Warning: Relative route resolution within Splat routes is changing in v7. You can use the `v7_relativeSplatPath` future flag to opt-in early. For more information, see https://reactrouter.com/v6/upgrading/future#v7_relativesplatpath. @ http://localhost:3001/node_modules/.vite/deps/react-router-dom.js?v=a54d33f8:4426
[  271692ms] [INFO] %cDownload the React DevTools for a better development experience: https://reactjs.org/link/react-devtools font-weight:bold @ http://localhost:3001/node_modules/.vite/deps/chunk-PJEEZAML.js?v=a54d33f8:21550
[  271983ms] [LOG] [PWA] Service Worker enregistre: http://localhost:3001/ @ http://localhost:3001/src/main.tsx:9
[  272234ms] [WARNING] ⚠️ React Router Future Flag Warning: React Router will begin wrapping state updates in `React.startTransition` in v7. You can use the `v7_startTransition` future flag to opt-in early. For more information, see https://reactrouter.com/v6/upgrading/future#v7_starttransition. @ http://localhost:3001/node_modules/.vite/deps/react-router-dom.js?v=a54d33f8:4426
[  272234ms] [WARNING] ⚠️ React Router Future Flag Warning: Relative route resolution within Splat routes is changing in v7. You can use the `v7_relativeSplatPath` future flag to opt-in early. For more information, see https://reactrouter.com/v6/upgrading/future#v7_relativesplatpath. @ http://localhost:3001/node_modules/.vite/deps/react-router-dom.js?v=a54d33f8:4426
[  275069ms] [INFO] %cDownload the React DevTools for a better development experience: https://reactjs.org/link/react-devtools font-weight:bold @ http://localhost:3001/node_modules/.vite/deps/chunk-PJEEZAML.js?v=a54d33f8:21550
[  275385ms] [LOG] [PWA] Service Worker enregistre: http://localhost:3001/ @ http://localhost:3001/src/main.tsx:9
[  275583ms] [WARNING] ⚠️ React Router Future Flag Warning: React Router will begin wrapping state updates in `React.startTransition` in v7. You can use the `v7_startTransition` future flag to opt-in early. For more information, see https://reactrouter.com/v6/upgrading/future#v7_starttransition. @ http://localhost:3001/node_modules/.vite/deps/react-router-dom.js?v=a54d33f8:4426
[  275583ms] [WARNING] ⚠️ React Router Future Flag Warning: Relative route resolution within Splat routes is changing in v7. You can use the `v7_relativeSplatPath` future flag to opt-in early. For more information, see https://reactrouter.com/v6/upgrading/future#v7_relativesplatpath. @ http://localhost:3001/node_modules/.vite/deps/react-router-dom.js?v=a54d33f8:4426
[  278293ms] [INFO] %cDownload the React DevTools for a better development experience: https://reactjs.org/link/react-devtools font-weight:bold @ http://localhost:3001/node_modules/.vite/deps/chunk-PJEEZAML.js?v=a54d33f8:21550
[  278660ms] [LOG] [PWA] Service Worker enregistre: http://localhost:3001/ @ http://localhost:3001/src/main.tsx:9
[  278718ms] [WARNING] ⚠️ React Router Future Flag Warning: React Router will begin wrapping state updates in `React.startTransition` in v7. You can use the `v7_startTransition` future flag to opt-in early. For more information, see https://reactrouter.com/v6/upgrading/future#v7_starttransition. @ http://localhost:3001/node_modules/.vite/deps/react-router-dom.js?v=a54d33f8:4426
[  278719ms] [WARNING] ⚠️ React Router Future Flag Warning: Relative route resolution within Splat routes is changing in v7. You can use the `v7_relativeSplatPath` future flag to opt-in early. For more information, see https://reactrouter.com/v6/upgrading/future#v7_relativesplatpath. @ http://localhost:3001/node_modules/.vite/deps/react-router-dom.js?v=a54d33f8:4426
[  281592ms] [INFO] %cDownload the React DevTools for a better development experience: https://reactjs.org/link/react-devtools font-weight:bold @ http://localhost:3001/node_modules/.vite/deps/chunk-PJEEZAML.js?v=a54d33f8:21550
[  281998ms] [LOG] [PWA] Service Worker enregistre: http://localhost:3001/ @ http://localhost:3001/src/main.tsx:9
[  282096ms] [WARNING] ⚠️ React Router Future Flag Warning: React Router will begin wrapping state updates in `React.startTransition` in v7. You can use the `v7_startTransition` future flag to opt-in early. For more information, see https://reactrouter.com/v6/upgrading/future#v7_starttransition. @ http://localhost:3001/node_modules/.vite/deps/react-router-dom.js?v=a54d33f8:4426
[  282096ms] [WARNING] ⚠️ React Router Future Flag Warning: Relative route resolution within Splat routes is changing in v7. You can use the `v7_relativeSplatPath` future flag to opt-in early. For more information, see https://reactrouter.com/v6/upgrading/future#v7_relativesplatpath. @ http://localhost:3001/node_modules/.vite/deps/react-router-dom.js?v=a54d33f8:4426
[  284845ms] [INFO] %cDownload the React DevTools for a better development experience: https://reactjs.org/link/react-devtools font-weight:bold @ http://localhost:3001/node_modules/.vite/deps/chunk-PJEEZAML.js?v=a54d33f8:21550
[  285271ms] [LOG] [PWA] Service Worker enregistre: http://localhost:3001/ @ http://localhost:3001/src/main.tsx:9
[  285377ms] [WARNING] ⚠️ React Router Future Flag Warning: React Router will begin wrapping state updates in `React.startTransition` in v7. You can use the `v7_startTransition` future flag to opt-in early. For more information, see https://reactrouter.com/v6/upgrading/future#v7_starttransition. @ http://localhost:3001/node_modules/.vite/deps/react-router-dom.js?v=a54d33f8:4426
[  285377ms] [WARNING] ⚠️ React Router Future Flag Warning: Relative route resolution within Splat routes is changing in v7. You can use the `v7_relativeSplatPath` future flag to opt-in early. For more information, see https://reactrouter.com/v6/upgrading/future#v7_relativesplatpath. @ http://localhost:3001/node_modules/.vite/deps/react-router-dom.js?v=a54d33f8:4426
[  288099ms] [INFO] %cDownload the React DevTools for a better development experience: https://reactjs.org/link/react-devtools font-weight:bold @ http://localhost:3001/node_modules/.vite/deps/chunk-PJEEZAML.js?v=a54d33f8:21550
[  288742ms] [WARNING] ⚠️ React Router Future Flag Warning: React Router will begin wrapping state updates in `React.startTransition` in v7. You can use the `v7_startTransition` future flag to opt-in early. For more information, see https://reactrouter.com/v6/upgrading/future#v7_starttransition. @ http://localhost:3001/node_modules/.vite/deps/react-router-dom.js?v=a54d33f8:4426
[  288742ms] [WARNING] ⚠️ React Router Future Flag Warning: Relative route resolution within Splat routes is changing in v7. You can use the `v7_relativeSplatPath` future flag to opt-in early. For more information, see https://reactrouter.com/v6/upgrading/future#v7_relativesplatpath. @ http://localhost:3001/node_modules/.vite/deps/react-router-dom.js?v=a54d33f8:4426
[  288747ms] [LOG] [PWA] Service Worker enregistre: http://localhost:3001/ @ http://localhost:3001/src/main.tsx:9
[  291313ms] [INFO] %cDownload the React DevTools for a better development experience: https://reactjs.org/link/react-devtools font-weight:bold @ http://localhost:3001/node_modules/.vite/deps/chunk-PJEEZAML.js?v=a54d33f8:21550
[  291772ms] [WARNING] ⚠️ React Router Future Flag Warning: React Router will begin wrapping state updates in `React.startTransition` in v7. You can use the `v7_startTransition` future flag to opt-in early. For more information, see https://reactrouter.com/v6/upgrading/future#v7_starttransition. @ http://localhost:3001/node_modules/.vite/deps/react-router-dom.js?v=a54d33f8:4426
[  291772ms] [WARNING] ⚠️ React Router Future Flag Warning: Relative route resolution within Splat routes is changing in v7. You can use the `v7_relativeSplatPath` future flag to opt-in early. For more information, see https://reactrouter.com/v6/upgrading/future#v7_relativesplatpath. @ http://localhost:3001/node_modules/.vite/deps/react-router-dom.js?v=a54d33f8:4426
[  292506ms] [LOG] [PWA] Service Worker enregistre: http://localhost:3001/ @ http://localhost:3001/src/main.tsx:9
[  294552ms] [INFO] %cDownload the React DevTools for a better development experience: https://reactjs.org/link/react-devtools font-weight:bold @ http://localhost:3001/node_modules/.vite/deps/chunk-PJEEZAML.js?v=a54d33f8:21550
[  294926ms] [LOG] [PWA] Service Worker enregistre: http://localhost:3001/ @ http://localhost:3001/src/main.tsx:9
[  295008ms] [WARNING] ⚠️ React Router Future Flag Warning: React Router will begin wrapping state updates in `React.startTransition` in v7. You can use the `v7_startTransition` future flag to opt-in early. For more information, see https://reactrouter.com/v6/upgrading/future#v7_starttransition. @ http://localhost:3001/node_modules/.vite/deps/react-router-dom.js?v=a54d33f8:4426
[  295009ms] [WARNING] ⚠️ React Router Future Flag Warning: Relative route resolution within Splat routes is changing in v7. You can use the `v7_relativeSplatPath` future flag to opt-in early. For more information, see https://reactrouter.com/v6/upgrading/future#v7_relativesplatpath. @ http://localhost:3001/node_modules/.vite/deps/react-router-dom.js?v=a54d33f8:4426
[  297795ms] [INFO] %cDownload the React DevTools for a better development experience: https://reactjs.org/link/react-devtools font-weight:bold @ http://localhost:3001/node_modules/.vite/deps/chunk-PJEEZAML.js?v=a54d33f8:21550
[  298221ms] [WARNING] ⚠️ React Router Future Flag Warning: React Router will begin wrapping state updates in `React.startTransition` in v7. You can use the `v7_startTransition` future flag to opt-in early. For more information, see https://reactrouter.com/v6/upgrading/future#v7_starttransition. @ http://localhost:3001/node_modules/.vite/deps/react-router-dom.js?v=a54d33f8:4426
[  298221ms] [WARNING] ⚠️ React Router Future Flag Warning: Relative route resolution within Splat routes is changing in v7. You can use the `v7_relativeSplatPath` future flag to opt-in early. For more information, see https://reactrouter.com/v6/upgrading/future#v7_relativesplatpath. @ http://localhost:3001/node_modules/.vite/deps/react-router-dom.js?v=a54d33f8:4426
[  298374ms] [LOG] [PWA] Service Worker enregistre: http://localhost:3001/ @ http://localhost:3001/src/main.tsx:9
[  301501ms] [INFO] %cDownload the React DevTools for a better development experience: https://reactjs.org/link/react-devtools font-weight:bold @ http://localhost:3001/node_modules/.vite/deps/chunk-PJEEZAML.js?v=a54d33f8:21550
[  301871ms] [LOG] [PWA] Service Worker enregistre: http://localhost:3001/ @ http://localhost:3001/src/main.tsx:9
[  302043ms] [WARNING] ⚠️ React Router Future Flag Warning: React Router will begin wrapping state updates in `React.startTransition` in v7. You can use the `v7_startTransition` future flag to opt-in early. For more information, see https://reactrouter.com/v6/upgrading/future#v7_starttransition. @ http://localhost:3001/node_modules/.vite/deps/react-router-dom.js?v=a54d33f8:4426
[  302043ms] [WARNING] ⚠️ React Router Future Flag Warning: Relative route resolution within Splat routes is changing in v7. You can use the `v7_relativeSplatPath` future flag to opt-in early. For more information, see https://reactrouter.com/v6/upgrading/future#v7_relativesplatpath. @ http://localhost:3001/node_modules/.vite/deps/react-router-dom.js?v=a54d33f8:4426
